error[E0207]: the type parameter `T` is not constrained by the impl trait, self type, or predicates
  --> $DIR/unconstrained-params-in-impl.rs:4:6
   |
LL | impl<T> NotInjective<T> {}
   |      ^ unconstrained type parameter
   |
help: either remove the type parameter T, or make use of it, for example
   |
LL - impl<T> NotInjective<T> {}
LL + impl NotInjective<T> {}
   |
LL | impl<T> NotInjective<T, T> {}
   |                       +++

error: aborting due to 1 previous error

For more information about this error, try `rustc --explain E0207`.
