error[E0207]: the type parameter `T` is not constrained by the impl trait, self type, or predicates
  --> $DIR/impl-unused-tps-inherent.rs:9:6
   |
LL | impl<T> MyType {
   |      ^ unconstrained type parameter
   |
help: either remove the type parameter T, or make use of it, for example
   |
LL - impl<T> MyType {
LL + impl MyType {
   |
LL | impl<T> MyType<T> {
   |               +++

error[E0207]: the type parameter `U` is not constrained by the impl trait, self type, or predicates
  --> $DIR/impl-unused-tps-inherent.rs:17:8
   |
LL | impl<T,U> MyType1<T> {
   |        ^ unconstrained type parameter
   |
help: either remove the type parameter U, or make use of it, for example
   |
LL - impl<T,U> MyType1<T> {
LL + impl<T> MyType1<T> {
   |
LL | impl<T,U> MyType1<T, U> {
   |                    +++

error: aborting due to 2 previous errors

For more information about this error, try `rustc --explain E0207`.
