error[E0207]: the lifetime parameter `'a` is not constrained by the impl trait, self type, or predicates
  --> $DIR/unconstrained-impl-param.rs:11:6
   |
LL | impl<'a> Trait for Opaque<&'a str> {
   |      ^^ unconstrained lifetime parameter
   |
help: either remove the type parameter 'a, or make use of it, for example
   |
LL - impl<'a> Trait for Opaque<&'a str> {
LL + impl Trait for Opaque<&'a str> {
   |
LL | impl<'a> Trait for Opaque<&'a str, 'a> {
   |                                  ++++

error: aborting due to 1 previous error

For more information about this error, try `rustc --explain E0207`.
