error[E0207]: the lifetime parameter `'a` is not constrained by the impl trait, self type, or predicates
  --> $DIR/issue-22886.rs:13:6
   |
LL | impl<'a> Iterator for Newtype {
   |      ^^ unconstrained lifetime parameter
   |
help: either remove the type parameter 'a, or make use of it, for example
   |
LL - impl<'a> Iterator for Newtype {
LL + impl Iterator for Newtype {
   |
LL | impl<'a> Iterator for Newtype<'a> {
   |                              ++++

error: aborting due to 1 previous error

For more information about this error, try `rustc --explain E0207`.
